Archive member included to satisfy reference by file (symbol)

lib/libstd.a(printf.o)        obj/kernel_main.o (printf)
lib/libstd.a(string.o)        lib/libstd.a(printf.o) (strlen)

Discarded input sections

 .group         0x0000000000000000        0x8 obj/kernel_main.o
 .group         0x0000000000000000        0x8 obj/kernel_main.o
 .group         0x0000000000000000        0x8 obj/textmode.o
 .text.__x86.get_pc_thunk.ax
                0x0000000000000000        0x4 obj/textmode.o
 .group         0x0000000000000000        0x8 lib/libstd.a(printf.o)
 .text.__x86.get_pc_thunk.bx
                0x0000000000000000        0x4 lib/libstd.a(printf.o)
 .group         0x0000000000000000        0x8 lib/libstd.a(string.o)
 .group         0x0000000000000000        0x8 lib/libstd.a(string.o)
 .text.__x86.get_pc_thunk.ax
                0x0000000000000000        0x4 lib/libstd.a(string.o)

Memory Configuration

Name             Origin             Length             Attributes
*default*        0x0000000000000000 0xffffffffffffffff

Linker script and memory map

LOAD obj/boot.o
LOAD obj/kernel_main.o
LOAD obj/portio.o
LOAD obj/textmode.o
                0x0000000000100000                . = 0x100000

.text           0x0000000000100000      0xaf7
 *(.multiboot)
 .multiboot     0x0000000000100000        0xc obj/boot.o
 *(.text)
 *fill*         0x000000000010000c        0x4 
 .text          0x0000000000100010        0xe obj/boot.o
                0x0000000000100010                _start
 .text          0x000000000010001e      0x1f9 obj/kernel_main.o
                0x000000000010001e                init_kernel
                0x00000000001000d7                kernel_loop
                0x00000000001000eb                kernel_main
                0x0000000000100149                vga_init
                0x00000000001001c5                mem_init
                0x0000000000100203                interrupts_init
 *fill*         0x0000000000100217        0x9 
 .text          0x0000000000100220       0x10 obj/portio.o
                0x0000000000100220                inportb
                0x0000000000100226                outportb
 .text          0x0000000000100230      0x519 obj/textmode.o
                0x0000000000100230                vga_set_bg
                0x0000000000100269                vga_set_fg
                0x00000000001002a1                vga_set_color
                0x00000000001002c8                vga_print_char
                0x0000000000100339                vga_increment
                0x0000000000100369                vga_sync_frame
                0x00000000001003b4                vga_clear
                0x000000000010040b                vga_movexy
                0x0000000000100450                vga_param
 .text          0x0000000000100749      0x1a6 lib/libstd.a(printf.o)
                0x0000000000100749                printf
 .text          0x00000000001008ef      0x208 lib/libstd.a(string.o)
                0x00000000001008ef                strlen
                0x000000000010092c                reverse
                0x00000000001009e1                itoa

.iplt           0x0000000000100af8        0x0
 .iplt          0x0000000000100af8        0x0 obj/boot.o

.text.__x86.get_pc_thunk.ax
                0x0000000000100af7        0x4
 .text.__x86.get_pc_thunk.ax
                0x0000000000100af7        0x4 obj/kernel_main.o
                0x0000000000100af7                __x86.get_pc_thunk.ax

.text.__x86.get_pc_thunk.bx
                0x0000000000100afb        0x4
 .text.__x86.get_pc_thunk.bx
                0x0000000000100afb        0x4 obj/kernel_main.o
                0x0000000000100afb                __x86.get_pc_thunk.bx

.text.__x86.get_pc_thunk.cx
                0x0000000000100aff        0x4
 .text.__x86.get_pc_thunk.cx
                0x0000000000100aff        0x4 lib/libstd.a(string.o)
                0x0000000000100aff                __x86.get_pc_thunk.cx

.rodata         0x0000000000101000      0x151
 *(.rodata)
 .rodata        0x0000000000101000       0xf2 obj/kernel_main.o
 *fill*         0x00000000001010f2        0x2 
 .rodata        0x00000000001010f4       0x14 obj/textmode.o
                0x00000000001010f4                VRAM
                0x00000000001010f8                VGABUFFER
                0x00000000001010fc                VGACOLOR
                0x0000000000101100                VGACURSOR
                0x0000000000101104                VGAPARAM
 .rodata        0x0000000000101108        0x7 lib/libstd.a(printf.o)
 *fill*         0x000000000010110f       0x11 
 .rodata        0x0000000000101120       0x31 lib/libstd.a(string.o)

.eh_frame       0x0000000000101154      0x370
 .eh_frame      0x0000000000101154      0x10c obj/kernel_main.o
 .eh_frame      0x0000000000101260      0x1c4 obj/textmode.o
                                        0x1f0 (size before relaxing)
 .eh_frame      0x0000000000101424       0x24 lib/libstd.a(printf.o)
                                         0x50 (size before relaxing)
 .eh_frame      0x0000000000101448       0x7c lib/libstd.a(string.o)
                                         0xa8 (size before relaxing)

.rel.dyn        0x00000000001014c4        0x0
 .rel.got       0x00000000001014c4        0x0 obj/boot.o
 .rel.iplt      0x00000000001014c4        0x0 obj/boot.o

.data           0x0000000000102000        0x1
 *(.data)
 .data          0x0000000000102000        0x0 obj/kernel_main.o
 .data          0x0000000000102000        0x0 obj/textmode.o
 .data          0x0000000000102000        0x0 lib/libstd.a(printf.o)
 .data          0x0000000000102000        0x1 lib/libstd.a(string.o)
                0x0000000000102000                itoa_long

.got            0x0000000000102004        0x0
 .got           0x0000000000102004        0x0 obj/boot.o

.got.plt        0x0000000000102004        0xc
 .got.plt       0x0000000000102004        0xc obj/boot.o
                0x0000000000102004                _GLOBAL_OFFSET_TABLE_

.igot.plt       0x0000000000102010        0x0
 .igot.plt      0x0000000000102010        0x0 obj/boot.o

.bss            0x0000000000103000     0x8004
 *(COMMON)
 *(.bss)
 .bss           0x0000000000103000     0x8000 obj/boot.o
 .bss           0x000000000010b000        0x0 obj/kernel_main.o
 .bss           0x000000000010b000        0x0 obj/textmode.o
 .bss           0x000000000010b000        0x0 lib/libstd.a(printf.o)
 .bss           0x000000000010b000        0x4 lib/libstd.a(string.o)
                0x000000000010b000                itoa_case
LOAD lib/libstd.a
OUTPUT(bin/coffee elf32-i386)

.comment        0x0000000000000000       0x2a
 .comment       0x0000000000000000       0x2a obj/kernel_main.o
                                         0x2b (size before relaxing)
 .comment       0x000000000000002a       0x2b obj/textmode.o
 .comment       0x000000000000002a       0x2b lib/libstd.a(printf.o)
 .comment       0x000000000000002a       0x2b lib/libstd.a(string.o)

.note.GNU-stack
                0x0000000000000000        0x0
 .note.GNU-stack
                0x0000000000000000        0x0 obj/kernel_main.o
 .note.GNU-stack
                0x0000000000000000        0x0 obj/textmode.o
 .note.GNU-stack
                0x0000000000000000        0x0 lib/libstd.a(printf.o)
 .note.GNU-stack
                0x0000000000000000        0x0 lib/libstd.a(string.o)
