Archive member included to satisfy reference by file (symbol)

lib/libstd.a(printf.o)        obj/kernel_main.o (printf)
lib/libstd.a(string.o)        lib/libstd.a(printf.o) (strlen)

Discarded input sections

 .group         0x0000000000000000        0x8 obj/kernel_main.o
 .group         0x0000000000000000        0x8 obj/kernel_main.o
 .group         0x0000000000000000        0x8 obj/textmode.o
 .text.__x86.get_pc_thunk.ax
                0x0000000000000000        0x4 obj/textmode.o
 .group         0x0000000000000000        0x8 lib/libstd.a(printf.o)
 .text.__x86.get_pc_thunk.bx
                0x0000000000000000        0x4 lib/libstd.a(printf.o)
 .group         0x0000000000000000        0x8 lib/libstd.a(string.o)
 .group         0x0000000000000000        0x8 lib/libstd.a(string.o)
 .text.__x86.get_pc_thunk.ax
                0x0000000000000000        0x4 lib/libstd.a(string.o)

Memory Configuration

Name             Origin             Length             Attributes
*default*        0x0000000000000000 0xffffffffffffffff

Linker script and memory map

LOAD obj/asmfunc.o
LOAD obj/boot.o
LOAD obj/kernel_main.o
LOAD obj/portio.o
LOAD obj/textmode.o
                0x0000000000100000                . = 0x100000

.text           0x0000000000100000      0xaa7
 *(.multiboot)
 .multiboot     0x0000000000100000        0xc obj/boot.o
 *(.text)
 .text          0x000000000010000c        0x0 obj/asmfunc.o
 *fill*         0x000000000010000c        0x4 
 .text          0x0000000000100010        0xe obj/boot.o
                0x0000000000100010                _start
 .text          0x000000000010001e      0x1a4 obj/kernel_main.o
                0x000000000010001e                init
                0x0000000000100150                kernel_loop
                0x0000000000100164                kernel_main
 *fill*         0x00000000001001c2        0xe 
 .text          0x00000000001001d0       0x10 obj/portio.o
                0x00000000001001d0                inportb
                0x00000000001001d6                outportb
 .text          0x00000000001001e0      0x519 obj/textmode.o
                0x00000000001001e0                vga_set_bg
                0x0000000000100219                vga_set_fg
                0x0000000000100251                vga_set_color
                0x0000000000100278                vga_print_char
                0x00000000001002e9                vga_increment
                0x0000000000100319                vga_sync_frame
                0x0000000000100364                vga_clear
                0x00000000001003bb                vga_movexy
                0x0000000000100400                vga_param
 .text          0x00000000001006f9      0x1a6 lib/libstd.a(printf.o)
                0x00000000001006f9                printf
 .text          0x000000000010089f      0x208 lib/libstd.a(string.o)
                0x000000000010089f                strlen
                0x00000000001008dc                reverse
                0x0000000000100991                itoa

.iplt           0x0000000000100aa8        0x0
 .iplt          0x0000000000100aa8        0x0 obj/asmfunc.o

.text.__x86.get_pc_thunk.ax
                0x0000000000100aa7        0x4
 .text.__x86.get_pc_thunk.ax
                0x0000000000100aa7        0x4 obj/kernel_main.o
                0x0000000000100aa7                __x86.get_pc_thunk.ax

.text.__x86.get_pc_thunk.bx
                0x0000000000100aab        0x4
 .text.__x86.get_pc_thunk.bx
                0x0000000000100aab        0x4 obj/kernel_main.o
                0x0000000000100aab                __x86.get_pc_thunk.bx

.text.__x86.get_pc_thunk.cx
                0x0000000000100aaf        0x4
 .text.__x86.get_pc_thunk.cx
                0x0000000000100aaf        0x4 lib/libstd.a(string.o)
                0x0000000000100aaf                __x86.get_pc_thunk.cx

.rodata         0x0000000000101000      0x151
 *(.rodata)
 .rodata        0x0000000000101000       0xea obj/kernel_main.o
 *fill*         0x00000000001010ea        0x2 
 .rodata        0x00000000001010ec       0x14 obj/textmode.o
                0x00000000001010ec                VRAM
                0x00000000001010f0                VGABUFFER
                0x00000000001010f4                VGACOLOR
                0x00000000001010f8                VGACURSOR
                0x00000000001010fc                VGAPARAM
 .rodata        0x0000000000101100        0x7 lib/libstd.a(printf.o)
 *fill*         0x0000000000101107       0x19 
 .rodata        0x0000000000101120       0x31 lib/libstd.a(string.o)

.eh_frame       0x0000000000101154      0x30c
 .eh_frame      0x0000000000101154       0xa8 obj/kernel_main.o
 .eh_frame      0x00000000001011fc      0x1c4 obj/textmode.o
                                        0x1f0 (size before relaxing)
 .eh_frame      0x00000000001013c0       0x24 lib/libstd.a(printf.o)
                                         0x50 (size before relaxing)
 .eh_frame      0x00000000001013e4       0x7c lib/libstd.a(string.o)
                                         0xa8 (size before relaxing)

.rel.dyn        0x0000000000101460        0x0
 .rel.got       0x0000000000101460        0x0 obj/asmfunc.o
 .rel.iplt      0x0000000000101460        0x0 obj/asmfunc.o

.data           0x0000000000102000        0x1
 *(.data)
 .data          0x0000000000102000        0x0 obj/asmfunc.o
 .data          0x0000000000102000        0x0 obj/kernel_main.o
 .data          0x0000000000102000        0x0 obj/textmode.o
 .data          0x0000000000102000        0x0 lib/libstd.a(printf.o)
 .data          0x0000000000102000        0x1 lib/libstd.a(string.o)
                0x0000000000102000                itoa_long

.got            0x0000000000102004        0x0
 .got           0x0000000000102004        0x0 obj/asmfunc.o

.got.plt        0x0000000000102004        0xc
 .got.plt       0x0000000000102004        0xc obj/asmfunc.o
                0x0000000000102004                _GLOBAL_OFFSET_TABLE_

.igot.plt       0x0000000000102010        0x0
 .igot.plt      0x0000000000102010        0x0 obj/asmfunc.o

.bss            0x0000000000103000     0x4004
 *(COMMON)
 *(.bss)
 .bss           0x0000000000103000        0x0 obj/asmfunc.o
 .bss           0x0000000000103000     0x4000 obj/boot.o
 .bss           0x0000000000107000        0x0 obj/kernel_main.o
 .bss           0x0000000000107000        0x0 obj/textmode.o
 .bss           0x0000000000107000        0x0 lib/libstd.a(printf.o)
 .bss           0x0000000000107000        0x4 lib/libstd.a(string.o)
                0x0000000000107000                itoa_case
LOAD lib/libstd.a
OUTPUT(bin/coffee elf32-i386)

.comment        0x0000000000000000       0x2a
 .comment       0x0000000000000000       0x2a obj/asmfunc.o
                                         0x2b (size before relaxing)
 .comment       0x000000000000002a       0x2b obj/kernel_main.o
 .comment       0x000000000000002a       0x2b obj/textmode.o
 .comment       0x000000000000002a       0x2b lib/libstd.a(printf.o)
 .comment       0x000000000000002a       0x2b lib/libstd.a(string.o)

.note.GNU-stack
                0x0000000000000000        0x0
 .note.GNU-stack
                0x0000000000000000        0x0 obj/asmfunc.o
 .note.GNU-stack
                0x0000000000000000        0x0 obj/kernel_main.o
 .note.GNU-stack
                0x0000000000000000        0x0 obj/textmode.o
 .note.GNU-stack
                0x0000000000000000        0x0 lib/libstd.a(printf.o)
 .note.GNU-stack
                0x0000000000000000        0x0 lib/libstd.a(string.o)
